// Jest Snapshot v1, https://goo.gl/fbAQLP

exports[`<DragDropEditor /> Renders the component 1`] = `
<div>
  <div />
  <div
    class="euiFlexGroup euiFlexGroup--gutterLarge euiFlexGroup--alignItemsCenter euiFlexGroup--directionRow euiFlexGroup--responsive"
  >
    <div
      class="euiFlexItem"
    >
      <div
        class="euiText euiText--small"
      >
        Drag and drop items to rearrange them
      </div>
    </div>
    <div
      class="euiFlexItem euiFlexItem--flexGrowZero"
    >
      <button
        class="euiButton euiButton--primary"
        type="button"
      >
        <span
          class="euiButtonContent euiButton__content"
        >
          <span
            class="euiButton__text"
          >
            Add item
          </span>
        </span>
      </button>
    </div>
    <div
      class="euiFlexItem euiFlexItem--flexGrowZero"
    >
      <button
        class="euiButton euiButton--primary euiButton--fill"
        type="button"
      >
        <span
          class="euiButtonContent euiButton__content"
        >
          <span
            class="euiButton__text"
          >
            Save changes
          </span>
        </span>
      </button>
    </div>
  </div>
  <div
    class="euiSpacer euiSpacer--l"
  />
  <div
    class="euiDroppable euiDroppable--noGrow"
    data-rbd-droppable-context-id="0"
    data-rbd-droppable-id="parent"
    data-test-subj="droppable"
    style="display: flex; overflow-y: auto;"
  >
    <div
      aria-describedby="rbd-hidden-text-0-hidden-text-0"
      class="euiDraggable euiDraggable--withoutDropAnimation euiDraggable--s"
      data-rbd-drag-handle-context-id="0"
      data-rbd-drag-handle-draggable-id="parent_0"
      data-rbd-draggable-context-id="0"
      data-rbd-draggable-id="parent_0"
      data-test-subj="draggable"
      draggable="false"
      role="button"
      tabindex="0"
    >
      <div
        class="euiPanel euiPanel--paddingSmall euiDraggable__item"
        style="min-width: 150px; padding: 14px;"
      >
        <div
          class="euiFlexGroup euiFlexGroup--gutterExtraLarge euiFlexGroup--justifyContentSpaceBetween euiFlexGroup--directionRow euiFlexGroup--responsive"
        >
          <div
            class="euiFlexItem euiFlexItem--flexGrowZero"
          >
            <div
              class="euiText euiText--small"
            >
              Overview
            </div>
          </div>
          <div
            class="euiFlexItem euiFlexItem--flexGrowZero"
          >
            <div
              class="euiFlexGroup euiFlexGroup--gutterExtraSmall euiFlexGroup--directionRow euiFlexGroup--responsive"
            >
              <div
                class="euiFlexItem"
              >
                <button
                  aria-label="Edit"
                  class="euiButtonIcon euiButtonIcon--primary"
                  type="button"
                >
                  <div
                    aria-hidden="true"
                    class="euiButtonIcon__icon"
                    data-euiicon-type="pencil"
                  />
                </button>
              </div>
              <div
                class="euiFlexItem"
              >
                <button
                  aria-label="Remove"
                  class="euiButtonIcon euiButtonIcon--primary"
                  type="button"
                >
                  <div
                    aria-hidden="true"
                    class="euiButtonIcon__icon"
                    data-euiicon-type="cross"
                  />
                </button>
              </div>
            </div>
          </div>
        </div>
      </div>
    </div>
    <div
      class="euiDroppable__placeholder"
    />
  </div>
</div>
`;
